16:52
16:53
16:55
16:55
